true
true
true
true
true
write	true
Thiswrite	true
 is a pen.write	true
